Sep 22 14:28:55 kali systemd[1]: Starting mariadb.service - MariaDB 11.8.8 database server...
Sep 22 14:28:55 kali (mariadbd)[9494]: mariadb.service: Referenced but unset environment variable evaluates to an empty string: MYSQLD_OPTS, _WSREP_NEW_CLUSTER
Sep 22 14:28:56 kali mariadbd[9494]: 2026-09-22 14:28:56 0 [Note] Starting MariaDB 11.8.8-MariaDB-1 from Debian source revision 46a8eb42a520193686d9a16d4cea4b3e002917e4 server_uid 0y0HLA6b3KMVZnQgqfOoUZmLFak= as process 9494
Sep 22 14:28:56 kali mariadbd[9494]: 2026-09-22 14:28:56 0 [Note] InnoDB: Compressed tables use zlib 1.3.2
Sep 22 14:28:56 kali mariadbd[9494]: 2026-09-22 14:28:56 0 [Note] InnoDB: Number of transaction pools: 1
Sep 22 14:28:56 kali mariadbd[9494]: 2026-09-22 14:28:56 0 [Note] InnoDB: Using crc32 + pclmulqdq instructions
Sep 22 14:28:56 kali mariadbd[9494]: 2026-09-22 14:28:56 0 [Note] InnoDB: Using io_uring
Sep 22 14:28:56 kali mariadbd[9494]: 2026-09-22 14:28:56 0 [Note] InnoDB: innodb_buffer_pool_size_max=8388608m, innodb_buffer_pool_size=128m
Sep 22 14:28:56 kali mariadbd[9494]: 2026-09-22 14:28:56 0 [Note] InnoDB: Initialized memory pressure event listener
Sep 22 14:28:56 kali mariadbd[9494]: 2026-09-22 14:28:56 0 [Note] InnoDB: Completed initialization of buffer pool
Sep 22 14:28:56 kali mariadbd[9494]: 2026-09-22 14:28:56 0 [Note] InnoDB: File system buffers for log disabled (block size=512 bytes)
Sep 22 14:28:56 kali mariadbd[9494]: 2026-09-22 14:28:56 0 [Note] InnoDB: End of log at LSN=45141
Sep 22 14:28:56 kali mariadbd[9494]: 2026-09-22 14:28:56 0 [Note] InnoDB: Opened 3 undo tablespaces
Sep 22 14:28:56 kali mariadbd[9494]: 2026-09-22 14:28:56 0 [Note] InnoDB: 128 rollback segments in 3 undo tablespaces are active.
Sep 22 14:28:56 kali mariadbd[9494]: 2026-09-22 14:28:56 0 [Note] InnoDB: Setting file './ibtmp1' size to 12.000MiB. Physically writing the file full; Please wait ...
Sep 22 14:28:56 kali mariadbd[9494]: 2026-09-22 14:28:56 0 [Note] InnoDB: File './ibtmp1' size is now 12.000MiB.
Sep 22 14:28:56 kali mariadbd[9494]: 2026-09-22 14:28:56 0 [Note] InnoDB: log sequence number 45141; transaction id 14
Sep 22 14:28:56 kali mariadbd[9494]: 2026-09-22 14:28:56 0 [Note] Plugin 'FEEDBACK' is disabled.
Sep 22 14:28:56 kali mariadbd[9494]: 2026-09-22 14:28:56 0 [Note] Plugin 'wsrep-provider' is disabled.
Sep 22 14:28:56 kali mariadbd[9494]: 2026-09-22 14:28:56 0 [Note] InnoDB: Loading buffer pool(s) from /var/lib/mariadb/ib_buffer_pool
Sep 22 14:28:57 kali mariadbd[9494]: 2026-09-22 14:28:57 0 [Note] InnoDB: Buffer pool(s) load completed at 260922 14:28:57
Sep 22 14:28:59 kali mariadbd[9494]: 2026-09-22 14:28:59 0 [Note] Server socket created on IP: '127.0.0.1', port: '3306'.
Sep 22 14:29:00 kali mariadbd[9494]: 2026-09-22 14:29:00 0 [Note] mariadbd: Event Scheduler: Loaded 0 events
Sep 22 14:29:00 kali mariadbd[9494]: 2026-09-22 14:29:00 0 [Note] /usr/sbin/mariadbd: ready for connections.
Sep 22 14:29:00 kali mariadbd[9494]: Version: '11.8.8-MariaDB-1 from Debian'  socket: '/run/mysqld/mysqld.sock'  port: 3306  -- Please help get to 10k stars at https://github.com/MariaDB/Server
Sep 22 14:29:00 kali systemd[1]: Started mariadb.service - MariaDB 11.8.8 database server.
Sep 22 14:29:00 kali /etc/mysql/debian-start[9554]: Upgrading MariaDB tables if necessary.
Sep 22 14:29:00 kali /etc/mysql/debian-start[9566]: Checking for insecure root accounts.
